\BOOKMARK [0][-]{chapter*.2}{\376\377\000P\000r\000e\000f\000a\000c\000e}{}% 1
\BOOKMARK [-1][-]{part.1}{\376\377\000I\000\040\000T\000h\000e\000\040\000F\000a\000i\000l\000u\000r\000e\000\040\000o\000f\000\040\000S\000t\000o\000r\000a\000g\000e\000\040\000M\000e\000t\000a\000p\000h\000o\000r\000s}{}% 2
\BOOKMARK [0][-]{chapter.1}{\376\377\000T\000h\000e\000\040\000S\000t\000o\000r\000a\000g\000e\000\040\000I\000l\000l\000u\000s\000i\000o\000n}{part.1}% 3
\BOOKMARK [1][-]{section.1.1}{\376\377\000W\000h\000y\000\040\000S\000t\000o\000r\000a\000g\000e\000\040\000C\000a\000n\000n\000o\000t\000\040\000B\000e\000\040\000P\000r\000i\000m\000i\000t\000i\000v\000e}{chapter.1}% 4
\BOOKMARK [1][-]{section.1.2}{\376\377\000W\000h\000a\000t\000\040\000S\000u\000r\000v\000i\000v\000e\000s\000\040\000C\000h\000a\000n\000g\000e}{chapter.1}% 5
\BOOKMARK [0][-]{chapter.2}{\376\377\000M\000e\000m\000o\000r\000y\000\040\000a\000s\000\040\000R\000e\000c\000o\000n\000s\000t\000r\000u\000c\000t\000i\000o\000n}{part.1}% 6
\BOOKMARK [1][-]{section.2.1}{\376\377\000R\000e\000c\000o\000n\000s\000t\000r\000u\000c\000t\000i\000o\000n\000\040\000O\000p\000e\000r\000a\000t\000o\000r\000s}{chapter.2}% 7
\BOOKMARK [1][-]{section.2.2}{\376\377\000A\000d\000m\000i\000s\000s\000i\000b\000l\000e\000\040\000R\000e\000c\000o\000v\000e\000r\000y}{chapter.2}% 8
\BOOKMARK [0][-]{chapter.3}{\376\377\000T\000h\000e\000\040\000E\000p\000i\000s\000t\000e\000m\000i\000c\000\040\000N\000e\000c\000e\000s\000s\000i\000t\000y\000\040\000o\000f\000\040\000M\000e\000m\000o\000r\000y}{part.1}% 9
\BOOKMARK [-1][-]{part.2}{\376\377\000I\000I\000\040\000E\000v\000e\000n\000t\000\040\000M\000e\000m\000o\000r\000y}{}% 10
\BOOKMARK [0][-]{chapter.4}{\376\377\000E\000v\000e\000n\000t\000s\000\040\000B\000e\000f\000o\000r\000e\000\040\000O\000b\000j\000e\000c\000t\000s}{part.2}% 11
\BOOKMARK [1][-]{section.4.1}{\376\377\000T\000h\000e\000\040\000P\000r\000i\000m\000a\000c\000y\000\040\000o\000f\000\040\000E\000v\000e\000n\000t\000s}{chapter.4}% 12
\BOOKMARK [0][-]{chapter.5}{\376\377\000H\000i\000s\000t\000o\000r\000i\000e\000s\000\040\000a\000s\000\040\000C\000o\000m\000p\000u\000t\000a\000t\000i\000o\000n\000a\000l\000\040\000S\000t\000r\000u\000c\000t\000u\000r\000e\000s}{part.2}% 13
\BOOKMARK [0][-]{chapter.6}{\376\377\000T\000h\000e\000\040\000E\000v\000e\000n\000t\000-\000L\000o\000g\000\040\000O\000n\000t\000o\000l\000o\000g\000y}{part.2}% 14
\BOOKMARK [-1][-]{part.3}{\376\377\000I\000I\000I\000\040\000T\000h\000e\000\040\000M\000a\000t\000h\000e\000m\000a\000t\000i\000c\000a\000l\000\040\000A\000r\000c\000h\000i\000t\000e\000c\000t\000u\000r\000e\000\040\000o\000f\000\040\000R\000e\000c\000a\000l\000l}{}% 15
\BOOKMARK [0][-]{chapter.7}{\376\377\000M\000e\000m\000o\000r\000y\000\040\000a\000s\000\040\000R\000e\000c\000o\000v\000e\000r\000a\000b\000l\000e\000\040\000M\000o\000d\000a\000l\000\040\000S\000t\000r\000u\000c\000t\000u\000r\000e}{part.3}% 16
\BOOKMARK [1][-]{section.7.1}{\376\377\000T\000h\000e\000\040\000M\000e\000m\000o\000r\000y\000\040\000F\000i\000e\000l\000d}{chapter.7}% 17
\BOOKMARK [1][-]{section.7.2}{\376\377\000M\000e\000m\000o\000r\000y\000\040\000I\000s\000\040\000N\000o\000t\000\040\000S\000u\000b\000s\000t\000r\000a\000t\000e\000\040\000I\000d\000e\000n\000t\000i\000t\000y}{chapter.7}% 18
\BOOKMARK [0][-]{chapter.8}{\376\377\000S\000p\000e\000c\000t\000r\000a\000l\000\040\000D\000e\000c\000o\000m\000p\000o\000s\000i\000t\000i\000o\000n\000\040\000o\000f\000\040\000M\000e\000m\000o\000r\000y\000\040\000F\000i\000e\000l\000d\000s}{part.3}% 19
\BOOKMARK [1][-]{section.8.1}{\376\377\000T\000h\000e\000\040\000M\000e\000m\000o\000r\000y\000\040\000O\000p\000e\000r\000a\000t\000o\000r}{chapter.8}% 20
\BOOKMARK [1][-]{section.8.2}{\376\377\000T\000i\000m\000e\000\040\000E\000v\000o\000l\000u\000t\000i\000o\000n\000\040\000i\000n\000\040\000t\000h\000e\000\040\000M\000o\000d\000a\000l\000\040\000B\000a\000s\000i\000s}{chapter.8}% 21
\BOOKMARK [1][-]{section.8.3}{\376\377\000T\000h\000e\000\040\000M\000o\000d\000a\000l\000\040\000P\000e\000r\000s\000i\000s\000t\000e\000n\000c\000e\000\040\000T\000h\000e\000o\000r\000e\000m}{chapter.8}% 22
\BOOKMARK [0][-]{chapter.9}{\376\377\000D\000i\000m\000e\000n\000s\000i\000o\000n\000a\000l\000\040\000A\000m\000p\000l\000i\000f\000i\000c\000a\000t\000i\000o\000n\000\040\000a\000n\000d\000\040\000W\000i\000t\000n\000e\000s\000s\000\040\000C\000o\000o\000r\000d\000i\000n\000a\000t\000e\000s}{part.3}% 23
\BOOKMARK [1][-]{section.9.1}{\376\377\000W\000i\000t\000n\000e\000s\000s\000\040\000E\000x\000p\000a\000n\000s\000i\000o\000n}{chapter.9}% 24
\BOOKMARK [0][-]{chapter.10}{\376\377\000R\000e\000s\000o\000n\000a\000n\000t\000\040\000M\000o\000d\000a\000l\000\040\000R\000e\000c\000a\000l\000l}{part.3}% 25
\BOOKMARK [1][-]{section.10.1}{\376\377\000C\000u\000e\000\040\000C\000o\000u\000p\000l\000i\000n\000g\000\040\000a\000n\000d\000\040\000M\000o\000d\000a\000l\000\040\000D\000y\000n\000a\000m\000i\000c\000s}{chapter.10}% 26
\BOOKMARK [1][-]{section.10.2}{\376\377\000T\000h\000e\000\040\000R\000e\000c\000a\000l\000l\000\040\000T\000h\000r\000e\000s\000h\000o\000l\000d}{chapter.10}% 27
\BOOKMARK [0][-]{chapter.11}{\376\377\000F\000o\000r\000g\000e\000t\000t\000i\000n\000g\000\040\000a\000s\000\040\000O\000v\000e\000r\000d\000a\000m\000p\000i\000n\000g\000,\000\040\000R\000e\000p\000a\000i\000r\000\040\000a\000s\000\040\000R\000e\000s\000o\000n\000a\000n\000c\000e\000\040\000R\000e\000s\000t\000o\000r\000a\000t\000i\000o\000n}{part.3}% 28
\BOOKMARK [1][-]{section.11.1}{\376\377\000O\000v\000e\000r\000d\000a\000m\000p\000e\000d\000\040\000M\000o\000d\000e\000s}{chapter.11}% 29
\BOOKMARK [1][-]{section.11.2}{\376\377\000R\000e\000p\000a\000i\000r\000\040\000a\000s\000\040\000D\000a\000m\000p\000i\000n\000g\000\040\000R\000e\000d\000u\000c\000t\000i\000o\000n}{chapter.11}% 30
\BOOKMARK [-1][-]{part.4}{\376\377\000I\000V\000\040\000E\000c\000o\000l\000o\000g\000i\000c\000a\000l\000\040\000M\000e\000m\000o\000r\000y}{}% 31
\BOOKMARK [0][-]{chapter.12}{\376\377\000M\000e\000m\000o\000r\000y\000\040\000O\000u\000t\000s\000i\000d\000e\000\040\000t\000h\000e\000\040\000B\000r\000a\000i\000n}{part.4}% 32
\BOOKMARK [1][-]{section.12.1}{\376\377\000T\000h\000e\000\040\000E\000c\000o\000l\000o\000g\000i\000c\000a\000l\000\040\000E\000x\000t\000e\000n\000s\000i\000o\000n}{chapter.12}% 33
\BOOKMARK [0][-]{chapter.13}{\376\377\000H\000a\000b\000i\000t\000a\000t\000\040\000V\000e\000r\000s\000u\000s\000\040\000A\000r\000c\000h\000i\000v\000e}{part.4}% 34
\BOOKMARK [-1][-]{part.5}{\376\377\000V\000\040\000M\000e\000m\000o\000r\000y\000\040\000a\000n\000d\000\040\000R\000e\000p\000a\000i\000r}{}% 35
\BOOKMARK [0][-]{chapter.14}{\376\377\000M\000e\000m\000o\000r\000y\000\040\000a\000s\000\040\000F\000l\000u\000x\000\040\000M\000a\000i\000n\000t\000e\000n\000a\000n\000c\000e}{part.5}% 36
\BOOKMARK [1][-]{section.14.1}{\376\377\000P\000e\000r\000s\000i\000s\000t\000e\000n\000c\000e\000\040\000T\000h\000r\000o\000u\000g\000h\000\040\000R\000e\000p\000l\000a\000c\000e\000m\000e\000n\000t}{chapter.14}% 37
\BOOKMARK [1][-]{section.14.2}{\376\377\000T\000w\000o\000\040\000T\000r\000a\000n\000s\000p\000o\000r\000t\000\040\000M\000o\000d\000e\000s\000:\000\040\000C\000i\000r\000c\000u\000l\000a\000t\000i\000o\000n\000\040\000a\000n\000d\000\040\000C\000a\000p\000t\000u\000r\000e}{chapter.14}% 38
\BOOKMARK [0][-]{chapter.15}{\376\377\000F\000o\000r\000g\000e\000t\000t\000i\000n\000g\000\040\000a\000s\000\040\000S\000t\000r\000u\000c\000t\000u\000r\000a\000l\000\040\000D\000e\000f\000o\000r\000m\000a\000t\000i\000o\000n}{part.5}% 39
\BOOKMARK [0][-]{chapter.16}{\376\377\000P\000e\000r\000s\000i\000s\000t\000e\000n\000t\000\040\000A\000n\000o\000m\000a\000l\000i\000e\000s\000\040\000a\000n\000d\000\040\000S\000c\000i\000e\000n\000t\000i\000f\000i\000c\000\040\000M\000e\000m\000o\000r\000y}{part.5}% 40
\BOOKMARK [-1][-]{part.6}{\376\377\000V\000I\000\040\000C\000o\000m\000p\000u\000t\000a\000t\000i\000o\000n\000\040\000a\000n\000d\000\040\000M\000E\000M\000|\0008}{}% 41
\BOOKMARK [0][-]{chapter.17}{\376\377\000M\000e\000m\000o\000r\000y\000\040\000M\000a\000c\000h\000i\000n\000e\000s}{part.6}% 42
\BOOKMARK [0][-]{chapter.18}{\376\377\000E\000v\000e\000n\000t\000-\000L\000o\000g\000\040\000C\000o\000m\000p\000u\000t\000a\000t\000i\000o\000n\000\040\000a\000n\000d\000\040\000S\000p\000h\000e\000r\000e\000p\000o\000p}{part.6}% 43
\BOOKMARK [0][-]{chapter.19}{\376\377\000A\000\040\000C\000o\000n\000c\000r\000e\000t\000e\000\040\000I\000n\000s\000t\000a\000n\000t\000i\000a\000t\000i\000o\000n\000:\000\040\000T\000h\000e\000\040\000M\000E\000M\000|\0008\000\040\000R\000u\000s\000t\000\040\000B\000a\000c\000k\000e\000n\000d}{part.6}% 44
\BOOKMARK [1][-]{section.19.1}{\376\377\000F\000r\000o\000m\000\040\000T\000h\000e\000o\000r\000y\000\040\000t\000o\000\040\000I\000m\000p\000l\000e\000m\000e\000n\000t\000a\000t\000i\000o\000n}{chapter.19}% 45
\BOOKMARK [1][-]{section.19.2}{\376\377\000W\000a\000v\000e\000\040\000C\000o\000o\000r\000d\000i\000n\000a\000t\000e\000s\000\040\000a\000s\000\040\000W\000i\000t\000n\000e\000s\000s\000\040\000E\000x\000p\000a\000n\000s\000i\000o\000n}{chapter.19}% 46
\BOOKMARK [1][-]{section.19.3}{\376\377\000q\000u\000e\000r\000y\000\137\000r\000e\000g\000i\000o\000n\000\040\000a\000s\000\040\000E\000c\000p\000h\000o\000r\000i\000c\000\040\000A\000c\000t\000i\000v\000a\000t\000i\000o\000n}{chapter.19}% 47
\BOOKMARK [1][-]{section.19.4}{\376\377\000T\000h\000e\000\040\000S\000t\000o\000r\000a\000g\000e\000\040\000I\000l\000l\000u\000s\000i\000o\000n\000\040\000R\000e\000s\000i\000d\000u\000e}{chapter.19}% 48
\BOOKMARK [1][-]{section.19.5}{\376\377\000T\000o\000w\000a\000r\000d\000\040\000a\000\040\000F\000u\000l\000l\000y\000\040\000T\000h\000e\000o\000r\000y\000-\000C\000o\000n\000f\000o\000r\000m\000a\000n\000t\000\040\000B\000a\000c\000k\000e\000n\000d}{chapter.19}% 49
\BOOKMARK [0][-]{chapter.20}{\376\377\000T\000h\000e\000\040\000H\000a\000l\000t\000i\000n\000g\000\040\000P\000r\000o\000b\000l\000e\000m\000\040\000a\000n\000d\000\040\000H\000i\000s\000t\000o\000r\000i\000c\000a\000l\000\040\000P\000e\000r\000s\000i\000s\000t\000e\000n\000c\000e}{part.6}% 50
\BOOKMARK [-1][-]{part.7}{\376\377\000V\000I\000I\000\040\000S\000o\000c\000i\000e\000t\000y\000\040\000a\000n\000d\000\040\000C\000i\000v\000i\000l\000i\000z\000a\000t\000i\000o\000n}{}% 51
\BOOKMARK [0][-]{chapter.21}{\376\377\000I\000n\000s\000t\000i\000t\000u\000t\000i\000o\000n\000a\000l\000\040\000M\000e\000m\000o\000r\000y}{part.7}% 52
\BOOKMARK [0][-]{chapter.22}{\376\377\000S\000c\000i\000e\000n\000t\000i\000f\000i\000c\000\040\000M\000e\000m\000o\000r\000y}{part.7}% 53
\BOOKMARK [0][-]{chapter.23}{\376\377\000C\000u\000l\000t\000u\000r\000a\000l\000\040\000M\000e\000m\000o\000r\000y}{part.7}% 54
\BOOKMARK [-1][-]{part.8}{\376\377\000V\000I\000I\000I\000\040\000F\000o\000u\000n\000d\000a\000t\000i\000o\000n\000s}{}% 55
\BOOKMARK [0][-]{chapter.24}{\376\377\000M\000e\000m\000o\000r\000y\000\040\000B\000e\000f\000o\000r\000e\000\040\000R\000e\000p\000r\000e\000s\000e\000n\000t\000a\000t\000i\000o\000n}{part.8}% 56
\BOOKMARK [0][-]{chapter.25}{\376\377\000M\000e\000m\000o\000r\000y\000\040\000B\000e\000f\000o\000r\000e\000\040\000I\000d\000e\000n\000t\000i\000t\000y}{part.8}% 57
\BOOKMARK [0][-]{chapter.26}{\376\377\000M\000e\000m\000o\000r\000y\000\040\000B\000e\000f\000o\000r\000e\000\040\000P\000r\000e\000d\000i\000c\000t\000i\000o\000n}{part.8}% 58
\BOOKMARK [1][-]{section.26.1}{\376\377\000P\000r\000e\000d\000i\000c\000t\000i\000o\000n\000\040\000a\000s\000\040\000F\000o\000r\000w\000a\000r\000d\000\040\000R\000e\000c\000o\000n\000s\000t\000r\000u\000c\000t\000i\000o\000n}{chapter.26}% 59
\BOOKMARK [1][-]{section.26.2}{\376\377\000P\000r\000e\000d\000i\000c\000t\000i\000v\000e\000\040\000C\000o\000d\000i\000n\000g\000\040\000a\000s\000\040\000M\000e\000m\000o\000r\000y\000\040\000R\000e\000s\000o\000n\000a\000n\000c\000e}{chapter.26}% 60
\BOOKMARK [1][-]{section.26.3}{\376\377\000R\000e\000s\000e\000r\000v\000o\000i\000r\000\040\000C\000o\000m\000p\000u\000t\000i\000n\000g\000\040\000a\000s\000\040\000M\000E\000M\000|\0008\000\040\000I\000n\000s\000t\000a\000n\000t\000i\000a\000t\000i\000o\000n}{chapter.26}% 61
\BOOKMARK [1][-]{section.26.4}{\376\377\000T\000h\000e\000\040\000I\000n\000v\000e\000r\000s\000i\000o\000n}{chapter.26}% 62
\BOOKMARK [0][-]{chapter.27}{\376\377\000M\000e\000m\000o\000r\000y\000\040\000B\000e\000f\000o\000r\000e\000\040\000T\000i\000m\000e}{part.8}% 63
\BOOKMARK [0][-]{chapter*.3}{\376\377\000B\000i\000b\000l\000i\000o\000g\000r\000a\000p\000h\000y\000:\000\040\000N\000e\000u\000r\000o\000s\000c\000i\000e\000n\000c\000e\000,\000\040\000B\000i\000o\000l\000o\000g\000y\000,\000\040\000a\000n\000d\000\040\000C\000o\000g\000n\000i\000t\000i\000v\000e\000\040\000S\000c\000i\000e\000n\000c\000e}{part.8}% 64
\BOOKMARK [0][-]{chapter*.5}{\376\377\000B\000i\000b\000l\000i\000o\000g\000r\000a\000p\000h\000y\000:\000\040\000M\000a\000t\000h\000e\000m\000a\000t\000i\000c\000s\000,\000\040\000P\000h\000y\000s\000i\000c\000s\000,\000\040\000a\000n\000d\000\040\000D\000y\000n\000a\000m\000i\000c\000a\000l\000\040\000S\000y\000s\000t\000e\000m\000s}{part.8}% 65
