\BOOKMARK [1][-]{section.1}{\376\377\000I\000n\000t\000r\000o\000d\000u\000c\000t\000i\000o\000n}{}% 1
\BOOKMARK [2][-]{subsection.1.1}{\376\377\000C\000o\000n\000t\000r\000i\000b\000u\000t\000i\000o\000n\000s}{section.1}% 2
\BOOKMARK [2][-]{subsection.1.2}{\376\377\000O\000u\000t\000l\000i\000n\000e}{section.1}% 3
\BOOKMARK [1][-]{section.2}{\376\377\000R\000e\000l\000a\000t\000e\000d\000\040\000W\000o\000r\000k}{}% 4
\BOOKMARK [1][-]{section.3}{\376\377\000N\000o\000t\000a\000t\000i\000o\000n\000\040\000a\000n\000d\000\040\000C\000o\000n\000v\000e\000n\000t\000i\000o\000n\000s}{}% 5
\BOOKMARK [1][-]{section.4}{\376\377\000W\000h\000y\000\040\000H\000i\000s\000t\000o\000r\000i\000e\000s\000\040\000M\000a\000t\000t\000e\000r\000:\000\040\000T\000h\000e\000\040\000C\000e\000n\000t\000r\000a\000l\000\040\000I\000d\000e\000a}{}% 6
\BOOKMARK [2][-]{subsection.4.1}{\376\377\000P\000r\000o\000g\000r\000a\000m\000s\000\040\000a\000s\000\040\000F\000u\000n\000c\000t\000i\000o\000n\000s\000\040\000v\000s\000.\000\040\000P\000r\000o\000g\000r\000a\000m\000s\000\040\000a\000s\000\040\000H\000i\000s\000t\000o\000r\000i\000e\000s}{section.4}% 7
\BOOKMARK [2][-]{subsection.4.2}{\376\377\000T\000h\000e\000\040\000R\000e\000s\000t\000a\000u\000r\000a\000n\000t\000\040\000A\000n\000a\000l\000o\000g\000y}{section.4}% 8
\BOOKMARK [2][-]{subsection.4.3}{\376\377\000T\000h\000e\000\040\000B\000u\000b\000b\000l\000e\000\040\000A\000n\000a\000l\000o\000g\000y}{section.4}% 9
\BOOKMARK [2][-]{subsection.4.4}{\376\377\000V\000i\000s\000u\000a\000l\000\040\000S\000u\000m\000m\000a\000r\000y\000\040\000o\000f\000\040\000t\000h\000e\000\040\000T\000w\000o\000\040\000P\000e\000r\000s\000p\000e\000c\000t\000i\000v\000e\000s}{section.4}% 10
\BOOKMARK [1][-]{section.5}{\376\377\000T\000h\000e\000\040\000T\000r\000a\000c\000e\000\040\000O\000p\000e\000r\000a\000t\000o\000r\000\040\000a\000n\000d\000\040\000W\000h\000a\000t\000\040\000I\000t\000\040\000H\000i\000d\000e\000s}{}% 11
\BOOKMARK [2][-]{subsection.5.1}{\376\377\000W\000h\000a\000t\000\040\000t\000h\000e\000\040\000T\000r\000a\000c\000e\000\040\000D\000o\000e\000s}{section.5}% 12
\BOOKMARK [2][-]{subsection.5.2}{\376\377\000W\000h\000a\000t\000\040\000t\000h\000e\000\040\000T\000r\000a\000c\000e\000\040\000F\000o\000r\000g\000e\000t\000s}{section.5}% 13
\BOOKMARK [1][-]{section.6}{\376\377\000S\000t\000a\000t\000e\000\040\000R\000e\000p\000r\000e\000s\000e\000n\000t\000a\000t\000i\000o\000n\000:\000\040\000O\000p\000t\000i\000o\000n\000\040\000S\000p\000a\000c\000e\000\040\000a\000n\000d\000\040\000H\000i\000s\000t\000o\000r\000y}{}% 14
\BOOKMARK [1][-]{section.7}{\376\377\000T\000h\000e\000\040\000T\000h\000r\000e\000e\000\040\000P\000r\000i\000m\000i\000t\000i\000v\000e\000\040\000O\000p\000e\000r\000a\000t\000o\000r\000s}{}% 15
\BOOKMARK [2][-]{subsection.7.1}{\376\377\000P\000o\000p\000:\000\040\000I\000r\000r\000e\000v\000e\000r\000s\000i\000b\000l\000e\000\040\000C\000o\000m\000m\000i\000t\000m\000e\000n\000t}{section.7}% 16
\BOOKMARK [2][-]{subsection.7.2}{\376\377\000B\000i\000n\000d\000:\000\040\000C\000o\000n\000t\000e\000x\000t\000u\000a\000l\000\040\000R\000e\000s\000t\000r\000i\000c\000t\000i\000o\000n}{section.7}% 17
\BOOKMARK [2][-]{subsection.7.3}{\376\377\000C\000o\000l\000l\000a\000p\000s\000e\000:\000\040\000R\000e\000c\000o\000n\000s\000t\000r\000u\000c\000t\000i\000o\000n\000\040\000f\000r\000o\000m\000\040\000H\000i\000s\000t\000o\000r\000y}{section.7}% 18
\BOOKMARK [1][-]{section.8}{\376\377\000A\000l\000g\000e\000b\000r\000a\000i\000c\000\040\000P\000r\000o\000p\000e\000r\000t\000i\000e\000s\000\040\000o\000f\000\040\000t\000h\000e\000\040\000S\000p\000h\000e\000r\000e\000p\000o\000p\000\040\000O\000p\000e\000r\000a\000t\000o\000r\000s}{}% 19
\BOOKMARK [1][-]{section.9}{\376\377\000M\000i\000n\000i\000m\000a\000l\000i\000t\000y\000\040\000o\000f\000\040\000t\000h\000e\000\040\000S\000p\000h\000e\000r\000e\000p\000o\000p\000\040\000O\000p\000e\000r\000a\000t\000o\000r\000\040\000S\000e\000t}{}% 20
\BOOKMARK [1][-]{section.10}{\376\377\000A\000\040\000M\000i\000n\000i\000m\000a\000l\000\040\000S\000p\000h\000e\000r\000e\000p\000o\000p\000\040\000P\000r\000o\000g\000r\000a\000m}{}% 21
\BOOKMARK [1][-]{section.11}{\376\377\000D\000e\000t\000e\000r\000m\000i\000n\000i\000s\000t\000i\000c\000\040\000C\000o\000m\000p\000u\000t\000a\000t\000i\000o\000n\000\040\000a\000s\000\040\000H\000i\000s\000t\000o\000r\000y}{}% 22
\BOOKMARK [2][-]{subsection.11.1}{\376\377\000E\000n\000c\000o\000d\000i\000n\000g\000\040\000T\000r\000a\000n\000s\000i\000t\000i\000o\000n\000s\000\040\000a\000s\000\040\000C\000o\000m\000m\000i\000t\000m\000e\000n\000t\000s}{section.11}% 23
\BOOKMARK [2][-]{subsection.11.2}{\376\377\000R\000e\000p\000r\000e\000s\000e\000n\000t\000a\000t\000i\000o\000n\000\040\000T\000h\000e\000o\000r\000e\000m}{section.11}% 24
\BOOKMARK [1][-]{section.12}{\376\377\000S\000t\000a\000t\000e\000\040\000S\000e\000m\000a\000n\000t\000i\000c\000s\000\040\000a\000s\000\040\000a\000\040\000Q\000u\000o\000t\000i\000e\000n\000t\000\040\000o\000f\000\040\000H\000i\000s\000t\000o\000r\000y\000\040\000S\000e\000m\000a\000n\000t\000i\000c\000s}{}% 25
\BOOKMARK [1][-]{section.13}{\376\377\000T\000h\000e\000\040\000H\000i\000s\000t\000o\000r\000y\000\040\000A\000l\000g\000e\000b\000r\000a}{}% 26
\BOOKMARK [1][-]{section.14}{\376\377\000T\000h\000e\000\040\000F\000r\000e\000e\000\040\000H\000i\000s\000t\000o\000r\000y\000\040\000C\000a\000t\000e\000g\000o\000r\000y}{}% 27
\BOOKMARK [1][-]{section.15}{\376\377\000T\000h\000e\000\040\000C\000o\000l\000l\000a\000p\000s\000e\000\040\000F\000u\000n\000c\000t\000o\000r\000\040\000a\000n\000d\000\040\000H\000i\000s\000t\000o\000r\000y\000\040\000E\000m\000b\000e\000d\000d\000i\000n\000g}{}% 28
\BOOKMARK [1][-]{section.16}{\376\377\000P\000a\000r\000t\000i\000a\000l\000\040\000O\000r\000d\000e\000r\000s\000\040\000o\000f\000\040\000C\000o\000m\000m\000i\000t\000m\000e\000n\000t}{}% 29
\BOOKMARK [1][-]{section.17}{\376\377\000E\000n\000t\000r\000o\000p\000y\000\040\000a\000n\000d\000\040\000I\000r\000r\000e\000v\000e\000r\000s\000i\000b\000i\000l\000i\000t\000y\000\040\000i\000n\000\040\000S\000p\000h\000e\000r\000e\000p\000o\000p\000\040\000S\000y\000s\000t\000e\000m\000s}{}% 30
\BOOKMARK [2][-]{subsection.17.1}{\376\377\000O\000p\000t\000i\000o\000n\000\040\000S\000p\000a\000c\000e\000\040\000a\000s\000\040\000I\000n\000f\000o\000r\000m\000a\000t\000i\000o\000n}{section.17}% 31
\BOOKMARK [2][-]{subsection.17.2}{\376\377\000C\000o\000m\000m\000i\000t\000m\000e\000n\000t\000\040\000a\000s\000\040\000E\000n\000t\000r\000o\000p\000y\000\040\000R\000e\000d\000u\000c\000t\000i\000o\000n}{section.17}% 32
\BOOKMARK [2][-]{subsection.17.3}{\376\377\000H\000i\000s\000t\000o\000r\000y\000\040\000a\000s\000\040\000I\000n\000f\000o\000r\000m\000a\000t\000i\000o\000n\000\040\000R\000e\000s\000e\000r\000v\000o\000i\000r}{section.17}% 33
\BOOKMARK [1][-]{section.18}{\376\377\000C\000o\000n\000n\000e\000c\000t\000i\000o\000n\000s\000\040\000t\000o\000\040\000A\000p\000p\000e\000n\000d\000-\000O\000n\000l\000y\000\040\000S\000y\000s\000t\000e\000m\000s}{}% 34
\BOOKMARK [1][-]{section.19}{\376\377\000S\000p\000h\000e\000r\000e\000p\000o\000p\000\040\000P\000a\000t\000t\000e\000r\000n\000s\000\040\000i\000n\000\040\000P\000r\000o\000g\000r\000a\000m\000m\000i\000n\000g\000\040\000P\000r\000a\000c\000t\000i\000c\000e}{}% 35
\BOOKMARK [1][-]{section.20}{\376\377\000N\000e\000s\000t\000e\000d\000\040\000D\000o\000m\000a\000i\000n\000s\000\040\000a\000n\000d\000\040\000P\000r\000o\000b\000l\000e\000m\000\040\000S\000o\000l\000v\000i\000n\000g}{}% 36
\BOOKMARK [1][-]{section.21}{\376\377\000R\000e\000a\000c\000t\000i\000v\000e\000\040\000P\000i\000p\000e\000l\000i\000n\000e\000s\000\040\000i\000n\000\040\000P\000r\000a\000c\000t\000i\000c\000a\000l\000\040\000A\000c\000t\000i\000v\000i\000t\000y}{}% 37
\BOOKMARK [1][-]{section.22}{\376\377\000S\000p\000h\000e\000r\000e\000p\000o\000p\000\040\000a\000n\000d\000\040\000H\000u\000m\000a\000n\000\040\000C\000o\000g\000n\000i\000t\000i\000o\000n}{}% 38
\BOOKMARK [1][-]{section.23}{\376\377\000L\000i\000m\000i\000t\000a\000t\000i\000o\000n\000s\000\040\000a\000n\000d\000\040\000S\000c\000o\000p\000e\000\040\000o\000f\000\040\000t\000h\000e\000\040\000F\000r\000a\000m\000e\000w\000o\000r\000k}{}% 39
\BOOKMARK [1][-]{section.24}{\376\377\000C\000o\000n\000c\000l\000u\000s\000i\000o\000n}{}% 40
\BOOKMARK [1][-]{appendix.A}{\376\377\000A\000b\000s\000t\000r\000a\000c\000t\000\040\000S\000y\000n\000t\000a\000x\000\040\000o\000f\000\040\000S\000p\000h\000e\000r\000e\000p\000o\000p}{}% 41
\BOOKMARK [1][-]{appendix.B}{\376\377\000T\000y\000p\000e\000d\000\040\000S\000p\000h\000e\000r\000e\000p\000o\000p\000\040\000A\000l\000g\000e\000b\000r\000a}{}% 42
\BOOKMARK [2][-]{subsection.B.1}{\376\377\000T\000y\000p\000e\000s\000\040\000a\000n\000d\000\040\000T\000y\000p\000i\000n\000g\000\040\000J\000u\000d\000g\000m\000e\000n\000t\000s}{appendix.B}% 43
\BOOKMARK [2][-]{subsection.B.2}{\376\377\000T\000y\000p\000e\000d\000\040\000A\000l\000g\000e\000b\000r\000a}{appendix.B}% 44
\BOOKMARK [2][-]{subsection.B.3}{\376\377\000A\000\040\000C\000a\000t\000e\000g\000o\000r\000y\000\040\000o\000f\000\040\000C\000o\000n\000s\000t\000r\000u\000c\000t\000i\000o\000n\000s}{appendix.B}% 45
\BOOKMARK [1][-]{appendix.C}{\376\377\000L\000o\000g\000i\000c\000\040\000G\000a\000t\000e\000s\000\040\000a\000s\000\040\000S\000p\000h\000e\000r\000e\000p\000o\000p\000\040\000C\000o\000n\000s\000t\000r\000u\000c\000t\000i\000o\000n\000s}{}% 46
\BOOKMARK [1][-]{appendix.D}{\376\377\000M\000e\000m\000o\000r\000y\000\040\000D\000e\000v\000i\000c\000e\000s\000\040\000a\000n\000d\000\040\000C\000o\000u\000n\000t\000e\000r\000s}{}% 47
\BOOKMARK [1][-]{appendix.E}{\376\377\000H\000i\000s\000t\000o\000r\000i\000e\000s\000\040\000a\000s\000\040\000a\000\040\000F\000r\000e\000e\000\040\000M\000o\000n\000o\000i\000d\000\040\000O\000b\000j\000e\000c\000t}{}% 48
\BOOKMARK [1][-]{appendix.F}{\376\377\000T\000h\000e\000\040\000F\000r\000e\000e\000\040\000H\000i\000s\000t\000o\000r\000y\000\040\000C\000a\000t\000e\000g\000o\000r\000y\000\040\000a\000s\000\040\000a\000\040\000P\000a\000t\000h\000\040\000C\000a\000t\000e\000g\000o\000r\000y}{}% 49
