[2026-08-13 09:49:14] model=granite4.1:3b output=/home/bonobo/personalinks/analysis/02-document-summaries/active-geodesic-inference.tex/chunk-0001-summary.md
[2026-08-13 09:49:30] model=granite4.1:3b output=/home/bonobo/personalinks/analysis/02-document-summaries/active-geodesic-inference.tex/chunk-0002-summary.md
[2026-08-13 09:49:44] model=granite4.1:3b output=/home/bonobo/personalinks/analysis/02-document-summaries/active-geodesic-inference.tex/chunk-0003-summary.md
[2026-08-13 09:49:56] model=granite4.1:3b output=/home/bonobo/personalinks/analysis/02-document-summaries/active-geodesic-inference.tex/summary.md
[2026-08-13 09:50:06] model=granite4.1:3b output=/home/bonobo/personalinks/analysis/02-document-summaries/admissibility-spherepop-monograph.tex/chunk-0001-summary.md
[2026-08-13 09:50:21] model=granite4.1:3b output=/home/bonobo/personalinks/analysis/02-document-summaries/admissibility-spherepop-monograph.tex/chunk-0002-summary.md
[2026-08-13 09:50:30] model=granite4.1:3b output=/home/bonobo/personalinks/analysis/02-document-summaries/admissibility-spherepop-monograph.tex/chunk-0003-summary.md
[2026-08-13 09:50:37] model=granite4.1:3b output=/home/bonobo/personalinks/analysis/02-document-summaries/admissibility-spherepop-monograph.tex/chunk-0004-summary.md
[2026-08-13 09:50:43] model=granite4.1:3b output=/home/bonobo/personalinks/analysis/02-document-summaries/admissibility-spherepop-monograph.tex/chunk-0005-summary.md
[2026-08-13 09:50:52] model=granite4.1:3b output=/home/bonobo/personalinks/analysis/02-document-summaries/admissibility-spherepop-monograph.tex/chunk-0006-summary.md
[2026-08-13 09:51:25] model=granite4.1:3b output=/home/bonobo/personalinks/analysis/02-document-summaries/admissibility-spherepop-monograph.tex/chunk-0007-summary.md
[2026-08-13 09:51:34] model=granite4.1:3b output=/home/bonobo/personalinks/analysis/02-document-summaries/admissibility-spherepop-monograph.tex/chunk-0008-summary.md
[2026-08-13 09:51:43] model=granite4.1:3b output=/home/bonobo/personalinks/analysis/02-document-summaries/admissibility-spherepop-monograph.tex/chunk-0009-summary.md
[2026-08-13 09:51:51] model=granite4.1:3b output=/home/bonobo/personalinks/analysis/02-document-summaries/admissibility-spherepop-monograph.tex/chunk-0010-summary.md
[2026-08-13 09:52:06] model=granite4.1:3b output=/home/bonobo/personalinks/analysis/02-document-summaries/admissibility-spherepop-monograph.tex/chunk-0011-summary.md
[2026-08-13 09:52:13] model=granite4.1:3b output=/home/bonobo/personalinks/analysis/02-document-summaries/admissibility-spherepop-monograph.tex/summary.md
[2026-08-13 09:52:18] model=granite4.1:3b output=/home/bonobo/personalinks/analysis/02-document-summaries/attention-as-minimal-relational-interaction.tex/summary.md
[2026-08-13 09:52:27] model=granite4.1:3b output=/home/bonobo/personalinks/analysis/02-document-summaries/build-reports-tex_corpus_analysis.md/summary.md
[2026-08-13 09:52:45] model=granite4.1:3b output=/home/bonobo/personalinks/analysis/02-document-summaries/changelog.md/summary.md
[2026-08-13 09:53:01] model=granite4.1:3b output=/home/bonobo/personalinks/analysis/02-document-summaries/completion_report.txt/summary.md
[2026-08-13 09:53:09] model=granite4.1:3b output=/home/bonobo/personalinks/analysis/02-document-summaries/computation-after-storage.tex/chunk-0001-summary.md
[2026-08-13 09:53:29] model=granite4.1:3b output=/home/bonobo/personalinks/analysis/02-document-summaries/computation-after-storage.tex/chunk-0002-summary.md
[2026-08-13 09:53:37] model=granite4.1:3b output=/home/bonobo/personalinks/analysis/02-document-summaries/computation-after-storage.tex/summary.md
[2026-08-13 09:53:50] model=granite4.1:3b output=/home/bonobo/personalinks/analysis/02-document-summaries/computation-as-semantic-maintenance.tex/chunk-0001-summary.md
[2026-08-13 09:53:58] model=granite4.1:3b output=/home/bonobo/personalinks/analysis/02-document-summaries/computation-as-semantic-maintenance.tex/chunk-0002-summary.md
[2026-08-13 09:54:13] model=granite4.1:3b output=/home/bonobo/personalinks/analysis/02-document-summaries/computation-as-semantic-maintenance.tex/chunk-0003-summary.md
[2026-08-13 09:54:33] model=granite4.1:3b output=/home/bonobo/personalinks/analysis/02-document-summaries/computation-as-semantic-maintenance.tex/summary.md
[2026-08-13 09:54:48] model=granite4.1:3b output=/home/bonobo/personalinks/analysis/02-document-summaries/computing-with-spherepop.tex/chunk-0001-summary.md
[2026-08-13 09:54:52] model=granite4.1:3b output=/home/bonobo/personalinks/analysis/02-document-summaries/computing-with-spherepop.tex/chunk-0002-summary.md
[2026-08-13 09:55:00] model=granite4.1:3b output=/home/bonobo/personalinks/analysis/02-document-summaries/computing-with-spherepop.tex/chunk-0003-summary.md
[2026-08-13 09:55:07] model=granite4.1:3b output=/home/bonobo/personalinks/analysis/02-document-summaries/computing-with-spherepop.tex/summary.md
[2026-08-13 09:55:21] model=granite4.1:3b output=/home/bonobo/personalinks/analysis/02-document-summaries/contributing.md/summary.md
[2026-08-13 09:55:32] model=granite4.1:3b output=/home/bonobo/personalinks/analysis/02-document-summaries/docs-design_decisions.md/summary.md
[2026-08-13 09:55:48] model=granite4.1:3b output=/home/bonobo/personalinks/analysis/02-document-summaries/docs-development.md/summary.md
[2026-08-13 09:56:02] model=granite4.1:3b output=/home/bonobo/personalinks/analysis/02-document-summaries/docs-experiment_catalog.md/summary.md
[2026-08-13 09:56:18] model=granite4.1:3b output=/home/bonobo/personalinks/analysis/02-document-summaries/docs-oversoul_perfection.md/summary.md
[2026-08-13 09:56:26] model=granite4.1:3b output=/home/bonobo/personalinks/analysis/02-document-summaries/docs-oversoul_voice.md/summary.md
[2026-08-13 09:56:34] model=granite4.1:3b output=/home/bonobo/personalinks/analysis/02-document-summaries/docs-oversoul_voice_algebra.md/summary.md
[2026-08-13 09:56:46] model=granite4.1:3b output=/home/bonobo/personalinks/analysis/02-document-summaries/docs-readme.md/summary.md
[2026-08-13 09:56:57] model=granite4.1:3b output=/home/bonobo/personalinks/analysis/02-document-summaries/docs-release.md/summary.md
[2026-08-13 09:57:08] model=granite4.1:3b output=/home/bonobo/personalinks/analysis/02-document-summaries/docs-specifications.md/summary.md
[2026-08-13 09:57:11] model=granite4.1:3b output=/home/bonobo/personalinks/analysis/02-document-summaries/docs-testing.md/summary.md
[2026-08-13 09:57:32] model=granite4.1:3b output=/home/bonobo/personalinks/analysis/02-document-summaries/dynamics-spherepop_scope_dynamics.tex/chunk-0001-summary.md
[2026-08-13 09:57:37] model=granite4.1:3b output=/home/bonobo/personalinks/analysis/02-document-summaries/dynamics-spherepop_scope_dynamics.tex/chunk-0002-summary.md
[2026-08-13 09:57:55] model=granite4.1:3b output=/home/bonobo/personalinks/analysis/02-document-summaries/dynamics-spherepop_scope_dynamics.tex/summary.md
[2026-08-13 09:58:07] model=granite4.1:3b output=/home/bonobo/personalinks/analysis/02-document-summaries/entropy_of_austerity.tex/summary.md
[2026-08-13 09:58:14] model=granite4.1:3b output=/home/bonobo/personalinks/analysis/02-document-summaries/essay-draft-01-essay.tex/summary.md
[2026-08-13 09:58:29] model=granite4.1:3b output=/home/bonobo/personalinks/analysis/02-document-summaries/essay-draft-01-spherepop_calculus.tex/summary.md
[2026-08-13 09:58:42] model=granite4.1:3b output=/home/bonobo/personalinks/analysis/02-document-summaries/essay-spherepop_calculus.tex/summary.md
[2026-08-13 09:58:59] model=granite4.1:3b output=/home/bonobo/personalinks/analysis/02-document-summaries/event-historical-aggregation.tex/chunk-0001-summary.md
[2026-08-13 09:59:13] model=granite4.1:3b output=/home/bonobo/personalinks/analysis/02-document-summaries/event-historical-aggregation.tex/chunk-0002-summary.md
[2026-08-13 09:59:18] model=granite4.1:3b output=/home/bonobo/personalinks/analysis/02-document-summaries/event-historical-aggregation.tex/summary.md
[2026-08-13 09:59:30] model=granite4.1:3b output=/home/bonobo/personalinks/analysis/02-document-summaries/file-list.txt/summary.md
[2026-08-13 09:59:40] model=granite4.1:3b output=/home/bonobo/personalinks/analysis/02-document-summaries/future_directions.md/summary.md
[2026-08-13 09:59:53] model=granite4.1:3b output=/home/bonobo/personalinks/analysis/02-document-summaries/history-as-identity-v01.tex/summary.md
[2026-08-13 10:00:01] model=granite4.1:3b output=/home/bonobo/personalinks/analysis/02-document-summaries/history-as-identity-v02.tex/chunk-0001-summary.md
[2026-08-13 10:00:07] model=granite4.1:3b output=/home/bonobo/personalinks/analysis/02-document-summaries/history-as-identity-v02.tex/chunk-0002-summary.md
[2026-08-13 10:00:15] model=granite4.1:3b output=/home/bonobo/personalinks/analysis/02-document-summaries/history-as-identity-v02.tex/summary.md
[2026-08-13 10:00:27] model=granite4.1:3b output=/home/bonobo/personalinks/analysis/02-document-summaries/history-as-identity.tex/chunk-0001-summary.md
[2026-08-13 10:00:34] model=granite4.1:3b output=/home/bonobo/personalinks/analysis/02-document-summaries/history-as-identity.tex/chunk-0002-summary.md
[2026-08-13 10:00:51] model=granite4.1:3b output=/home/bonobo/personalinks/analysis/02-document-summaries/history-as-identity.tex/summary.md
[2026-08-13 10:01:04] model=granite4.1:3b output=/home/bonobo/personalinks/analysis/02-document-summaries/history-of-spherepop.tex/chunk-0001-summary.md
[2026-08-13 10:01:09] model=granite4.1:3b output=/home/bonobo/personalinks/analysis/02-document-summaries/history-of-spherepop.tex/chunk-0002-summary.md
[2026-08-13 10:01:21] model=granite4.1:3b output=/home/bonobo/personalinks/analysis/02-document-summaries/history-of-spherepop.tex/summary.md
[2026-08-13 10:01:34] model=granite4.1:3b output=/home/bonobo/personalinks/analysis/02-document-summaries/history-the-history-of-spherepop.tex/chunk-0001-summary.md
[2026-08-13 10:01:41] model=granite4.1:3b output=/home/bonobo/personalinks/analysis/02-document-summaries/history-the-history-of-spherepop.tex/chunk-0002-summary.md
[2026-08-13 10:01:59] model=granite4.1:3b output=/home/bonobo/personalinks/analysis/02-document-summaries/history-the-history-of-spherepop.tex/summary.md
[2026-08-13 10:02:18] model=granite4.1:3b output=/home/bonobo/personalinks/analysis/02-document-summaries/identity_as_event_history-v1.tex/chunk-0001-summary.md
[2026-08-13 10:02:25] model=granite4.1:3b output=/home/bonobo/personalinks/analysis/02-document-summaries/identity_as_event_history-v1.tex/chunk-0002-summary.md
[2026-08-13 10:02:30] model=granite4.1:3b output=/home/bonobo/personalinks/analysis/02-document-summaries/identity_as_event_history-v1.tex/chunk-0003-summary.md
[2026-08-13 10:02:40] model=granite4.1:3b output=/home/bonobo/personalinks/analysis/02-document-summaries/identity_as_event_history-v1.tex/summary.md
[2026-08-13 10:02:57] model=granite4.1:3b output=/home/bonobo/personalinks/analysis/02-document-summaries/identity_as_event_history.tex/chunk-0001-summary.md
[2026-08-13 10:03:02] model=granite4.1:3b output=/home/bonobo/personalinks/analysis/02-document-summaries/identity_as_event_history.tex/chunk-0002-summary.md
[2026-08-13 10:03:14] model=granite4.1:3b output=/home/bonobo/personalinks/analysis/02-document-summaries/identity_as_event_history.tex/chunk-0003-summary.md
[2026-08-13 10:03:28] model=granite4.1:3b output=/home/bonobo/personalinks/analysis/02-document-summaries/identity_as_event_history.tex/chunk-0004-summary.md
[2026-08-13 10:03:40] model=granite4.1:3b output=/home/bonobo/personalinks/analysis/02-document-summaries/identity_as_event_history.tex/chunk-0005-summary.md
[2026-08-13 10:03:49] model=granite4.1:3b output=/home/bonobo/personalinks/analysis/02-document-summaries/identity_as_event_history.tex/summary.md
[2026-08-13 10:03:55] model=granite4.1:3b output=/home/bonobo/personalinks/analysis/02-document-summaries/implementation-python/chunk-0001-summary.md
[2026-08-13 10:04:01] model=granite4.1:3b output=/home/bonobo/personalinks/analysis/02-document-summaries/implementation-python/chunk-0002-summary.md
[2026-08-13 10:04:10] model=granite4.1:3b output=/home/bonobo/personalinks/analysis/02-document-summaries/implementation-python/chunk-0003-summary.md
[2026-08-13 10:04:18] model=granite4.1:3b output=/home/bonobo/personalinks/analysis/02-document-summaries/implementation-python/chunk-0004-summary.md
[2026-08-13 10:04:36] model=granite4.1:3b output=/home/bonobo/personalinks/analysis/02-document-summaries/implementation-python/chunk-0005-summary.md
[2026-08-13 10:04:58] model=granite4.1:3b output=/home/bonobo/personalinks/analysis/02-document-summaries/implementation-python/chunk-0006-summary.md
[2026-08-13 10:05:05] model=granite4.1:3b output=/home/bonobo/personalinks/analysis/02-document-summaries/implementation-python/chunk-0007-summary.md
[2026-08-13 10:05:38] model=granite4.1:3b output=/home/bonobo/personalinks/analysis/02-document-summaries/implementation-python/summary.md
[2026-08-13 10:05:42] model=granite4.1:3b output=/home/bonobo/personalinks/analysis/02-document-summaries/improvement_plan.md/summary.md
[2026-08-13 10:06:01] model=granite4.1:3b output=/home/bonobo/personalinks/analysis/02-document-summaries/intelligence-explosion.tex/chunk-0001-summary.md
[2026-08-13 10:06:05] model=granite4.1:3b output=/home/bonobo/personalinks/analysis/02-document-summaries/intelligence-explosion.tex/chunk-0002-summary.md
[2026-08-13 10:06:17] model=granite4.1:3b output=/home/bonobo/personalinks/analysis/02-document-summaries/intelligence-explosion.tex/chunk-0003-summary.md
[2026-08-13 10:06:21] model=granite4.1:3b output=/home/bonobo/personalinks/analysis/02-document-summaries/intelligence-explosion.tex/summary.md
[2026-08-13 10:06:34] model=granite4.1:3b output=/home/bonobo/personalinks/analysis/02-document-summaries/introducci-n-a-spherepop-v01.tex/chunk-0001-summary.md
[2026-08-13 10:06:43] model=granite4.1:3b output=/home/bonobo/personalinks/analysis/02-document-summaries/introducci-n-a-spherepop-v01.tex/chunk-0002-summary.md
[2026-08-13 10:06:52] model=granite4.1:3b output=/home/bonobo/personalinks/analysis/02-document-summaries/introducci-n-a-spherepop-v01.tex/chunk-0003-summary.md
[2026-08-13 10:07:01] model=granite4.1:3b output=/home/bonobo/personalinks/analysis/02-document-summaries/introducci-n-a-spherepop-v01.tex/summary.md
[2026-08-13 10:07:12] model=granite4.1:3b output=/home/bonobo/personalinks/analysis/02-document-summaries/introducci-n-a-spherepop.tex/chunk-0001-summary.md
[2026-08-13 10:07:18] model=granite4.1:3b output=/home/bonobo/personalinks/analysis/02-document-summaries/introducci-n-a-spherepop.tex/chunk-0002-summary.md
[2026-08-13 10:07:29] model=granite4.1:3b output=/home/bonobo/personalinks/analysis/02-document-summaries/introducci-n-a-spherepop.tex/chunk-0003-summary.md
[2026-08-13 10:07:34] model=granite4.1:3b output=/home/bonobo/personalinks/analysis/02-document-summaries/introducci-n-a-spherepop.tex/summary.md
[2026-08-13 10:07:45] model=granite4.1:3b output=/home/bonobo/personalinks/analysis/02-document-summaries/joy-of-spherepop-draft-01.tex/chunk-0001-summary.md
[2026-08-13 10:07:54] model=granite4.1:3b output=/home/bonobo/personalinks/analysis/02-document-summaries/joy-of-spherepop-draft-01.tex/chunk-0002-summary.md
[2026-08-13 10:07:56] model=granite4.1:3b output=/home/bonobo/personalinks/analysis/02-document-summaries/joy-of-spherepop-draft-01.tex/summary.md
[2026-08-13 10:08:10] model=granite4.1:3b output=/home/bonobo/personalinks/analysis/02-document-summaries/joy-of-spherepop.tex/chunk-0001-summary.md
[2026-08-13 10:08:21] model=granite4.1:3b output=/home/bonobo/personalinks/analysis/02-document-summaries/joy-of-spherepop.tex/chunk-0002-summary.md
[2026-08-13 10:08:31] model=granite4.1:3b output=/home/bonobo/personalinks/analysis/02-document-summaries/joy-of-spherepop.tex/chunk-0003-summary.md
[2026-08-13 10:08:41] model=granite4.1:3b output=/home/bonobo/personalinks/analysis/02-document-summaries/joy-of-spherepop.tex/summary.md
[2026-08-13 10:08:51] model=granite4.1:3b output=/home/bonobo/personalinks/analysis/02-document-summaries/monograph-spherepop-calculus.tex/chunk-0001-summary.md
[2026-08-13 10:08:56] model=granite4.1:3b output=/home/bonobo/personalinks/analysis/02-document-summaries/monograph-spherepop-calculus.tex/chunk-0002-summary.md
[2026-08-13 10:09:03] model=granite4.1:3b output=/home/bonobo/personalinks/analysis/02-document-summaries/monograph-spherepop-calculus.tex/summary.md
[2026-08-13 10:09:16] model=granite4.1:3b output=/home/bonobo/personalinks/analysis/02-document-summaries/operational-mereology.tex/chunk-0001-summary.md
[2026-08-13 10:09:31] model=granite4.1:3b output=/home/bonobo/personalinks/analysis/02-document-summaries/operational-mereology.tex/chunk-0002-summary.md
[2026-08-13 10:09:49] model=granite4.1:3b output=/home/bonobo/personalinks/analysis/02-document-summaries/operational-mereology.tex/summary.md
[2026-08-13 10:10:05] model=granite4.1:3b output=/home/bonobo/personalinks/analysis/02-document-summaries/processing-adaptive-trust-adaptive_trust_dynamics_corpus-cycle1_diagnosis-essay_1_01.tex/summary.md
[2026-08-13 10:10:15] model=granite4.1:3b output=/home/bonobo/personalinks/analysis/02-document-summaries/processing-adaptive-trust-adaptive_trust_dynamics_corpus-cycle1_diagnosis-essay_1_02.tex/summary.md
[2026-08-13 10:10:26] model=granite4.1:3b output=/home/bonobo/personalinks/analysis/02-document-summaries/processing-adaptive-trust-adaptive_trust_dynamics_corpus-cycle1_diagnosis-essay_1_03.tex/summary.md
[2026-08-13 10:10:37] model=granite4.1:3b output=/home/bonobo/personalinks/analysis/02-document-summaries/processing-adaptive-trust-adaptive_trust_dynamics_corpus-cycle1_diagnosis-essay_1_04.tex/summary.md
[2026-08-13 10:10:50] model=granite4.1:3b output=/home/bonobo/personalinks/analysis/02-document-summaries/processing-adaptive-trust-adaptive_trust_dynamics_corpus-cycle1_diagnosis-essay_1_05.tex/summary.md
[2026-08-13 10:10:58] model=granite4.1:3b output=/home/bonobo/personalinks/analysis/02-document-summaries/processing-adaptive-trust-adaptive_trust_dynamics_corpus-cycle1_diagnosis-essay_1_06.tex/summary.md
[2026-08-13 10:11:07] model=granite4.1:3b output=/home/bonobo/personalinks/analysis/02-document-summaries/processing-adaptive-trust-adaptive_trust_dynamics_corpus-cycle1_diagnosis-essay_1_07.tex/summary.md
[2026-08-13 10:11:18] model=granite4.1:3b output=/home/bonobo/personalinks/analysis/02-document-summaries/processing-adaptive-trust-adaptive_trust_dynamics_corpus-cycle1_diagnosis-essay_1_08.tex/summary.md
[2026-08-13 10:11:26] model=granite4.1:3b output=/home/bonobo/personalinks/analysis/02-document-summaries/processing-adaptive-trust-adaptive_trust_dynamics_corpus-cycle1_diagnosis-essay_1_09.tex/summary.md
[2026-08-13 10:11:36] model=granite4.1:3b output=/home/bonobo/personalinks/analysis/02-document-summaries/processing-adaptive-trust-adaptive_trust_dynamics_corpus-cycle1_diagnosis-essay_1_10.tex/summary.md
[2026-08-13 10:11:46] model=granite4.1:3b output=/home/bonobo/personalinks/analysis/02-document-summaries/processing-adaptive-trust-adaptive_trust_dynamics_corpus-cycle1_diagnosis-essay_1_11.tex/summary.md
[2026-08-13 10:11:57] model=granite4.1:3b output=/home/bonobo/personalinks/analysis/02-document-summaries/processing-adaptive-trust-adaptive_trust_dynamics_corpus-cycle1_diagnosis-essay_1_12.tex/summary.md
[2026-08-13 10:12:07] model=granite4.1:3b output=/home/bonobo/personalinks/analysis/02-document-summaries/processing-adaptive-trust-adaptive_trust_dynamics_corpus-cycle1_diagnosis-essay_1_13.tex/summary.md
[2026-08-13 10:12:16] model=granite4.1:3b output=/home/bonobo/personalinks/analysis/02-document-summaries/processing-adaptive-trust-adaptive_trust_dynamics_corpus-cycle1_diagnosis-essay_1_14.tex/summary.md
[2026-08-13 10:12:26] model=granite4.1:3b output=/home/bonobo/personalinks/analysis/02-document-summaries/processing-adaptive-trust-adaptive_trust_dynamics_corpus-cycle1_diagnosis-essay_1_15.tex/summary.md
[2026-08-13 10:12:37] model=granite4.1:3b output=/home/bonobo/personalinks/analysis/02-document-summaries/processing-adaptive-trust-adaptive_trust_dynamics_corpus-cycle1_diagnosis-essay_1_16.tex/summary.md
[2026-08-13 10:12:47] model=granite4.1:3b output=/home/bonobo/personalinks/analysis/02-document-summaries/processing-adaptive-trust-adaptive_trust_dynamics_corpus-cycle1_diagnosis-essay_1_17.tex/summary.md
[2026-08-13 10:12:58] model=granite4.1:3b output=/home/bonobo/personalinks/analysis/02-document-summaries/processing-adaptive-trust-adaptive_trust_dynamics_corpus-cycle1_diagnosis-essay_1_18.tex/summary.md
[2026-08-13 10:13:08] model=granite4.1:3b output=/home/bonobo/personalinks/analysis/02-document-summaries/processing-adaptive-trust-adaptive_trust_dynamics_corpus-cycle1_diagnosis-essay_1_19.tex/summary.md
[2026-08-13 10:13:19] model=granite4.1:3b output=/home/bonobo/personalinks/analysis/02-document-summaries/processing-adaptive-trust-adaptive_trust_dynamics_corpus-cycle1_diagnosis-essay_1_20.tex/summary.md
[2026-08-13 10:13:32] model=granite4.1:3b output=/home/bonobo/personalinks/analysis/02-document-summaries/processing-adaptive-trust-adaptive_trust_dynamics_corpus-cycle2_renewal-essay_2_01.tex/summary.md
[2026-08-13 10:13:43] model=granite4.1:3b output=/home/bonobo/personalinks/analysis/02-document-summaries/processing-adaptive-trust-adaptive_trust_dynamics_corpus-cycle2_renewal-essay_2_02.tex/summary.md
[2026-08-13 10:13:53] model=granite4.1:3b output=/home/bonobo/personalinks/analysis/02-document-summaries/processing-adaptive-trust-adaptive_trust_dynamics_corpus-cycle2_renewal-essay_2_03.tex/summary.md
[2026-08-13 10:14:02] model=granite4.1:3b output=/home/bonobo/personalinks/analysis/02-document-summaries/processing-adaptive-trust-adaptive_trust_dynamics_corpus-cycle2_renewal-essay_2_04.tex/summary.md
[2026-08-13 10:14:12] model=granite4.1:3b output=/home/bonobo/personalinks/analysis/02-document-summaries/processing-adaptive-trust-adaptive_trust_dynamics_corpus-cycle2_renewal-essay_2_05.tex/summary.md
[2026-08-13 10:14:23] model=granite4.1:3b output=/home/bonobo/personalinks/analysis/02-document-summaries/processing-adaptive-trust-adaptive_trust_dynamics_corpus-cycle2_renewal-essay_2_06.tex/summary.md
[2026-08-13 10:14:35] model=granite4.1:3b output=/home/bonobo/personalinks/analysis/02-document-summaries/processing-adaptive-trust-adaptive_trust_dynamics_corpus-cycle2_renewal-essay_2_07.tex/summary.md
[2026-08-13 10:14:46] model=granite4.1:3b output=/home/bonobo/personalinks/analysis/02-document-summaries/processing-adaptive-trust-adaptive_trust_dynamics_corpus-cycle2_renewal-essay_2_08.tex/summary.md
[2026-08-13 10:14:55] model=granite4.1:3b output=/home/bonobo/personalinks/analysis/02-document-summaries/processing-adaptive-trust-adaptive_trust_dynamics_corpus-cycle2_renewal-essay_2_09.tex/summary.md
[2026-08-13 10:15:07] model=granite4.1:3b output=/home/bonobo/personalinks/analysis/02-document-summaries/processing-adaptive-trust-adaptive_trust_dynamics_corpus-cycle2_renewal-essay_2_10.tex/summary.md
[2026-08-13 10:15:21] model=granite4.1:3b output=/home/bonobo/personalinks/analysis/02-document-summaries/processing-adaptive-trust-adaptive_trust_dynamics_corpus-cycle2_renewal-essay_2_11.tex/summary.md
[2026-08-13 10:15:30] model=granite4.1:3b output=/home/bonobo/personalinks/analysis/02-document-summaries/processing-adaptive-trust-adaptive_trust_dynamics_corpus-cycle2_renewal-essay_2_12.tex/summary.md
[2026-08-13 10:15:41] model=granite4.1:3b output=/home/bonobo/personalinks/analysis/02-document-summaries/processing-adaptive-trust-adaptive_trust_dynamics_corpus-cycle2_renewal-essay_2_13.tex/summary.md
[2026-08-13 10:15:51] model=granite4.1:3b output=/home/bonobo/personalinks/analysis/02-document-summaries/processing-adaptive-trust-adaptive_trust_dynamics_corpus-cycle2_renewal-essay_2_14.tex/summary.md
[2026-08-13 10:16:02] model=granite4.1:3b output=/home/bonobo/personalinks/analysis/02-document-summaries/processing-adaptive-trust-adaptive_trust_dynamics_corpus-cycle2_renewal-essay_2_15.tex/summary.md
[2026-08-13 10:16:15] model=granite4.1:3b output=/home/bonobo/personalinks/analysis/02-document-summaries/processing-adaptive-trust-adaptive_trust_dynamics_corpus-cycle2_renewal-essay_2_16.tex/summary.md
[2026-08-13 10:16:26] model=granite4.1:3b output=/home/bonobo/personalinks/analysis/02-document-summaries/processing-adaptive-trust-adaptive_trust_dynamics_corpus-cycle2_renewal-essay_2_17.tex/summary.md
[2026-08-13 10:16:37] model=granite4.1:3b output=/home/bonobo/personalinks/analysis/02-document-summaries/processing-adaptive-trust-adaptive_trust_dynamics_corpus-cycle2_renewal-essay_2_18.tex/summary.md
[2026-08-13 10:16:46] model=granite4.1:3b output=/home/bonobo/personalinks/analysis/02-document-summaries/processing-adaptive-trust-adaptive_trust_dynamics_corpus-cycle2_renewal-essay_2_19.tex/summary.md
[2026-08-13 10:16:57] model=granite4.1:3b output=/home/bonobo/personalinks/analysis/02-document-summaries/processing-adaptive-trust-adaptive_trust_dynamics_corpus-cycle2_renewal-essay_2_20.tex/summary.md
[2026-08-13 10:17:08] model=granite4.1:3b output=/home/bonobo/personalinks/analysis/02-document-summaries/processing-adaptive-trust-adaptive_trust_dynamics_corpus-index.tex/summary.md
[2026-08-13 10:17:19] model=granite4.1:3b output=/home/bonobo/personalinks/analysis/02-document-summaries/processing-adaptive-trust-corpus.tex/summary.md
[2026-08-13 10:17:25] model=granite4.1:3b output=/home/bonobo/personalinks/analysis/02-document-summaries/processing-adaptive-trust-monograph.tex/summary.md
[2026-08-13 10:17:30] model=granite4.1:3b output=/home/bonobo/personalinks/analysis/02-document-summaries/processing-draft-figures.tex/summary.md
[2026-08-13 10:17:39] model=granite4.1:3b output=/home/bonobo/personalinks/analysis/02-document-summaries/processing-draft-intelligence-explosion.tex/chunk-0001-summary.md
[2026-08-13 10:17:49] model=granite4.1:3b output=/home/bonobo/personalinks/analysis/02-document-summaries/processing-draft-intelligence-explosion.tex/chunk-0002-summary.md
[2026-08-13 10:17:57] model=granite4.1:3b output=/home/bonobo/personalinks/analysis/02-document-summaries/processing-draft-intelligence-explosion.tex/summary.md
[2026-08-13 10:18:08] model=granite4.1:3b output=/home/bonobo/personalinks/analysis/02-document-summaries/processing-essay.tex/summary.md
[2026-08-13 10:18:25] model=granite4.1:3b output=/home/bonobo/personalinks/analysis/02-document-summaries/processing-geometry-monograph.tex/chunk-0001-summary.md
[2026-08-13 10:18:36] model=granite4.1:3b output=/home/bonobo/personalinks/analysis/02-document-summaries/processing-geometry-monograph.tex/chunk-0002-summary.md
[2026-08-13 10:18:46] model=granite4.1:3b output=/home/bonobo/personalinks/analysis/02-document-summaries/processing-geometry-monograph.tex/summary.md
[2026-08-13 10:19:02] model=granite4.1:3b output=/home/bonobo/personalinks/analysis/02-document-summaries/processing-geometry-temporal-diversification-of-engagement.tex/summary.md
[2026-08-13 10:19:12] model=granite4.1:3b output=/home/bonobo/personalinks/analysis/02-document-summaries/processing-intelligence-explosion.tex/chunk-0001-summary.md
[2026-08-13 10:19:18] model=granite4.1:3b output=/home/bonobo/personalinks/analysis/02-document-summaries/processing-intelligence-explosion.tex/chunk-0002-summary.md
[2026-08-13 10:19:28] model=granite4.1:3b output=/home/bonobo/personalinks/analysis/02-document-summaries/processing-intelligence-explosion.tex/chunk-0003-summary.md
[2026-08-13 10:19:36] model=granite4.1:3b output=/home/bonobo/personalinks/analysis/02-document-summaries/processing-intelligence-explosion.tex/summary.md
[2026-08-13 10:19:48] model=granite4.1:3b output=/home/bonobo/personalinks/analysis/02-document-summaries/processing-monograph.tex/summary.md
[2026-08-13 10:19:59] model=granite4.1:3b output=/home/bonobo/personalinks/analysis/02-document-summaries/processing-spherepop_specifications.tex/chunk-0001-summary.md
[2026-08-13 10:20:15] model=granite4.1:3b output=/home/bonobo/personalinks/analysis/02-document-summaries/processing-spherepop_specifications.tex/chunk-0002-summary.md
[2026-08-13 10:20:27] model=granite4.1:3b output=/home/bonobo/personalinks/analysis/02-document-summaries/processing-spherepop_specifications.tex/summary.md
[2026-08-13 10:20:35] model=granite4.1:3b output=/home/bonobo/personalinks/analysis/02-document-summaries/prototypes-canonicalization.tex/summary.md
[2026-08-13 10:20:46] model=granite4.1:3b output=/home/bonobo/personalinks/analysis/02-document-summaries/prototypes-docs-computing-with-spherepop.tex/summary.md
[2026-08-13 10:20:55] model=granite4.1:3b output=/home/bonobo/personalinks/analysis/02-document-summaries/prototypes-docs-spherepop-haskell-tutorial.tex/summary.md
[2026-08-13 10:21:10] model=granite4.1:3b output=/home/bonobo/personalinks/analysis/02-document-summaries/prototypes-docs-spherepop-python-tutorial.tex/summary.md
[2026-08-13 10:21:18] model=granite4.1:3b output=/home/bonobo/personalinks/analysis/02-document-summaries/prototypes-docs-spherepop-racket-tutorial.tex/summary.md
[2026-08-13 10:21:26] model=granite4.1:3b output=/home/bonobo/personalinks/analysis/02-document-summaries/prototypes-operational-mereology.tex/summary.md
[2026-08-13 10:21:32] model=granite4.1:3b output=/home/bonobo/personalinks/analysis/02-document-summaries/prototypes-roadmap.tex/summary.md
[2026-08-13 10:21:45] model=granite4.1:3b output=/home/bonobo/personalinks/analysis/02-document-summaries/readme.md/summary.md
[2026-08-13 10:22:00] model=granite4.1:3b output=/home/bonobo/personalinks/analysis/02-document-summaries/scope-as-geometry.tex/chunk-0001-summary.md
[2026-08-13 10:22:10] model=granite4.1:3b output=/home/bonobo/personalinks/analysis/02-document-summaries/scope-as-geometry.tex/chunk-0002-summary.md
[2026-08-13 10:22:19] model=granite4.1:3b output=/home/bonobo/personalinks/analysis/02-document-summaries/scope-as-geometry.tex/summary.md
[2026-08-13 10:22:31] model=granite4.1:3b output=/home/bonobo/personalinks/analysis/02-document-summaries/spherepop-29-multi-timescale-continuation-spec.tex/summary.md
[2026-08-13 10:22:42] model=granite4.1:3b output=/home/bonobo/personalinks/analysis/02-document-summaries/spherepop-foundations.tex/chunk-0001-summary.md
[2026-08-13 10:22:49] model=granite4.1:3b output=/home/bonobo/personalinks/analysis/02-document-summaries/spherepop-foundations.tex/chunk-0002-summary.md
[2026-08-13 10:22:57] model=granite4.1:3b output=/home/bonobo/personalinks/analysis/02-document-summaries/spherepop-foundations.tex/summary.md
[2026-08-13 10:23:08] model=granite4.1:3b output=/home/bonobo/personalinks/analysis/02-document-summaries/spherepop-os.tex/summary.md
[2026-08-13 10:23:17] model=granite4.1:3b output=/home/bonobo/personalinks/analysis/02-document-summaries/spherepop-trajectory-collapse.tex/chunk-0001-summary.md
[2026-08-13 10:23:23] model=granite4.1:3b output=/home/bonobo/personalinks/analysis/02-document-summaries/spherepop-trajectory-collapse.tex/chunk-0002-summary.md
[2026-08-13 10:23:39] model=granite4.1:3b output=/home/bonobo/personalinks/analysis/02-document-summaries/spherepop-trajectory-collapse.tex/summary.md
[2026-08-13 10:23:55] model=granite4.1:3b output=/home/bonobo/personalinks/analysis/02-document-summaries/spherepop_specifications.tex/chunk-0001-summary.md
[2026-08-13 10:24:07] model=granite4.1:3b output=/home/bonobo/personalinks/analysis/02-document-summaries/spherepop_specifications.tex/chunk-0002-summary.md
[2026-08-13 10:24:19] model=granite4.1:3b output=/home/bonobo/personalinks/analysis/02-document-summaries/spherepop_specifications.tex/summary.md
[2026-08-13 10:24:30] model=granite4.1:3b output=/home/bonobo/personalinks/analysis/02-document-summaries/structured-irreversibility.tex/chunk-0001-summary.md
[2026-08-13 10:24:37] model=granite4.1:3b output=/home/bonobo/personalinks/analysis/02-document-summaries/structured-irreversibility.tex/chunk-0002-summary.md
[2026-08-13 10:24:45] model=granite4.1:3b output=/home/bonobo/personalinks/analysis/02-document-summaries/structured-irreversibility.tex/chunk-0003-summary.md
[2026-08-13 10:25:05] model=granite4.1:3b output=/home/bonobo/personalinks/analysis/02-document-summaries/structured-irreversibility.tex/summary.md
[2026-08-13 10:25:19] model=granite4.1:3b output=/home/bonobo/personalinks/analysis/02-document-summaries/tests-coverage.md/summary.md
[2026-08-13 10:25:30] model=granite4.1:3b output=/home/bonobo/personalinks/analysis/02-document-summaries/textbook-beyond-parentheses.tex/chunk-0001-summary.md
[2026-08-13 10:25:39] model=granite4.1:3b output=/home/bonobo/personalinks/analysis/02-document-summaries/textbook-beyond-parentheses.tex/chunk-0002-summary.md
[2026-08-13 10:25:53] model=granite4.1:3b output=/home/bonobo/personalinks/analysis/02-document-summaries/textbook-beyond-parentheses.tex/chunk-0003-summary.md
[2026-08-13 10:26:02] model=granite4.1:3b output=/home/bonobo/personalinks/analysis/02-document-summaries/textbook-beyond-parentheses.tex/chunk-0004-summary.md
[2026-08-13 10:26:12] model=granite4.1:3b output=/home/bonobo/personalinks/analysis/02-document-summaries/textbook-beyond-parentheses.tex/chunk-0005-summary.md
[2026-08-13 10:26:21] model=granite4.1:3b output=/home/bonobo/personalinks/analysis/02-document-summaries/textbook-beyond-parentheses.tex/chunk-0006-summary.md
[2026-08-13 10:26:26] model=granite4.1:3b output=/home/bonobo/personalinks/analysis/02-document-summaries/textbook-beyond-parentheses.tex/summary.md
[2026-08-13 10:26:34] model=granite4.1:3b output=/home/bonobo/personalinks/analysis/02-document-summaries/textbook-dependent-type-theory.tex/chunk-0001-summary.md
[2026-08-13 10:26:44] model=granite4.1:3b output=/home/bonobo/personalinks/analysis/02-document-summaries/textbook-dependent-type-theory.tex/chunk-0002-summary.md
[2026-08-13 10:26:55] model=granite4.1:3b output=/home/bonobo/personalinks/analysis/02-document-summaries/textbook-dependent-type-theory.tex/chunk-0003-summary.md
[2026-08-13 10:27:05] model=granite4.1:3b output=/home/bonobo/personalinks/analysis/02-document-summaries/textbook-dependent-type-theory.tex/chunk-0004-summary.md
[2026-08-13 10:27:19] model=granite4.1:3b output=/home/bonobo/personalinks/analysis/02-document-summaries/textbook-dependent-type-theory.tex/chunk-0005-summary.md
[2026-08-13 10:27:29] model=granite4.1:3b output=/home/bonobo/personalinks/analysis/02-document-summaries/textbook-dependent-type-theory.tex/chunk-0006-summary.md
[2026-08-13 10:27:36] model=granite4.1:3b output=/home/bonobo/personalinks/analysis/02-document-summaries/textbook-dependent-type-theory.tex/summary.md
[2026-08-13 10:27:42] model=granite4.1:3b output=/home/bonobo/personalinks/analysis/02-document-summaries/textbook-ecology-of-thought.tex/chunk-0001-summary.md
[2026-08-13 10:27:49] model=granite4.1:3b output=/home/bonobo/personalinks/analysis/02-document-summaries/textbook-ecology-of-thought.tex/chunk-0002-summary.md
[2026-08-13 10:27:58] model=granite4.1:3b output=/home/bonobo/personalinks/analysis/02-document-summaries/textbook-ecology-of-thought.tex/chunk-0003-summary.md
[2026-08-13 10:28:07] model=granite4.1:3b output=/home/bonobo/personalinks/analysis/02-document-summaries/textbook-ecology-of-thought.tex/chunk-0004-summary.md
[2026-08-13 10:28:17] model=granite4.1:3b output=/home/bonobo/personalinks/analysis/02-document-summaries/textbook-ecology-of-thought.tex/chunk-0005-summary.md
[2026-08-13 10:28:25] model=granite4.1:3b output=/home/bonobo/personalinks/analysis/02-document-summaries/textbook-ecology-of-thought.tex/chunk-0006-summary.md
[2026-08-13 10:28:37] model=granite4.1:3b output=/home/bonobo/personalinks/analysis/02-document-summaries/textbook-ecology-of-thought.tex/chunk-0007-summary.md
[2026-08-13 10:28:46] model=granite4.1:3b output=/home/bonobo/personalinks/analysis/02-document-summaries/textbook-ecology-of-thought.tex/summary.md
[2026-08-13 10:28:52] model=granite4.1:3b output=/home/bonobo/personalinks/analysis/02-document-summaries/textbook-economy-of-forgotten-things.tex/chunk-0001-summary.md
[2026-08-13 10:28:59] model=granite4.1:3b output=/home/bonobo/personalinks/analysis/02-document-summaries/textbook-economy-of-forgotten-things.tex/chunk-0002-summary.md
[2026-08-13 10:29:08] model=granite4.1:3b output=/home/bonobo/personalinks/analysis/02-document-summaries/textbook-economy-of-forgotten-things.tex/chunk-0003-summary.md
[2026-08-13 10:29:16] model=granite4.1:3b output=/home/bonobo/personalinks/analysis/02-document-summaries/textbook-economy-of-forgotten-things.tex/chunk-0004-summary.md
[2026-08-13 10:29:25] model=granite4.1:3b output=/home/bonobo/personalinks/analysis/02-document-summaries/textbook-economy-of-forgotten-things.tex/chunk-0005-summary.md
[2026-08-13 10:29:35] model=granite4.1:3b output=/home/bonobo/personalinks/analysis/02-document-summaries/textbook-economy-of-forgotten-things.tex/chunk-0006-summary.md
[2026-08-13 10:29:40] model=granite4.1:3b output=/home/bonobo/personalinks/analysis/02-document-summaries/textbook-economy-of-forgotten-things.tex/summary.md
[2026-08-13 10:29:54] model=granite4.1:3b output=/home/bonobo/personalinks/analysis/02-document-summaries/textbook-fate-of-distinguishability.tex/chunk-0001-summary.md
[2026-08-13 10:30:00] model=granite4.1:3b output=/home/bonobo/personalinks/analysis/02-document-summaries/textbook-fate-of-distinguishability.tex/chunk-0002-summary.md
[2026-08-13 10:30:11] model=granite4.1:3b output=/home/bonobo/personalinks/analysis/02-document-summaries/textbook-fate-of-distinguishability.tex/chunk-0003-summary.md
[2026-08-13 10:30:21] model=granite4.1:3b output=/home/bonobo/personalinks/analysis/02-document-summaries/textbook-fate-of-distinguishability.tex/chunk-0004-summary.md
[2026-08-13 10:30:28] model=granite4.1:3b output=/home/bonobo/personalinks/analysis/02-document-summaries/textbook-fate-of-distinguishability.tex/chunk-0005-summary.md
[2026-08-13 10:30:40] model=granite4.1:3b output=/home/bonobo/personalinks/analysis/02-document-summaries/textbook-fate-of-distinguishability.tex/chunk-0006-summary.md
[2026-08-13 10:30:48] model=granite4.1:3b output=/home/bonobo/personalinks/analysis/02-document-summaries/textbook-fate-of-distinguishability.tex/chunk-0007-summary.md
[2026-08-13 10:30:56] model=granite4.1:3b output=/home/bonobo/personalinks/analysis/02-document-summaries/textbook-fate-of-distinguishability.tex/chunk-0008-summary.md
[2026-08-13 10:31:04] model=granite4.1:3b output=/home/bonobo/personalinks/analysis/02-document-summaries/textbook-fate-of-distinguishability.tex/chunk-0009-summary.md
[2026-08-13 10:31:11] model=granite4.1:3b output=/home/bonobo/personalinks/analysis/02-document-summaries/textbook-fate-of-distinguishability.tex/summary.md
[2026-08-13 10:31:25] model=granite4.1:3b output=/home/bonobo/personalinks/analysis/02-document-summaries/textbook-language_as_generator.tex/summary.md
[2026-08-13 10:31:31] model=granite4.1:3b output=/home/bonobo/personalinks/analysis/02-document-summaries/textbook-memory-before-representation.tex/chunk-0001-summary.md
[2026-08-13 10:31:35] model=granite4.1:3b output=/home/bonobo/personalinks/analysis/02-document-summaries/textbook-memory-before-representation.tex/chunk-0002-summary.md
[2026-08-13 10:31:46] model=granite4.1:3b output=/home/bonobo/personalinks/analysis/02-document-summaries/textbook-memory-before-representation.tex/summary.md
[2026-08-13 10:31:58] model=granite4.1:3b output=/home/bonobo/personalinks/analysis/02-document-summaries/textbook-negation-before-logic.tex/chunk-0001-summary.md
[2026-08-13 10:32:09] model=granite4.1:3b output=/home/bonobo/personalinks/analysis/02-document-summaries/textbook-negation-before-logic.tex/chunk-0002-summary.md
[2026-08-13 10:32:18] model=granite4.1:3b output=/home/bonobo/personalinks/analysis/02-document-summaries/textbook-negation-before-logic.tex/chunk-0003-summary.md
[2026-08-13 10:32:23] model=granite4.1:3b output=/home/bonobo/personalinks/analysis/02-document-summaries/textbook-negation-before-logic.tex/chunk-0004-summary.md
[2026-08-13 10:32:45] model=granite4.1:3b output=/home/bonobo/personalinks/analysis/02-document-summaries/textbook-negation-before-logic.tex/summary.md
[2026-08-13 10:33:04] model=granite4.1:3b output=/home/bonobo/personalinks/analysis/02-document-summaries/textbook-persistence-before-truth.tex/chunk-0001-summary.md
[2026-08-13 10:33:12] model=granite4.1:3b output=/home/bonobo/personalinks/analysis/02-document-summaries/textbook-persistence-before-truth.tex/chunk-0002-summary.md
[2026-08-13 10:33:21] model=granite4.1:3b output=/home/bonobo/personalinks/analysis/02-document-summaries/textbook-persistence-before-truth.tex/chunk-0003-summary.md
[2026-08-13 10:33:33] model=granite4.1:3b output=/home/bonobo/personalinks/analysis/02-document-summaries/textbook-persistence-before-truth.tex/chunk-0004-summary.md
[2026-08-13 10:33:41] model=granite4.1:3b output=/home/bonobo/personalinks/analysis/02-document-summaries/textbook-persistence-before-truth.tex/chunk-0005-summary.md
[2026-08-13 10:33:46] model=granite4.1:3b output=/home/bonobo/personalinks/analysis/02-document-summaries/textbook-persistence-before-truth.tex/chunk-0006-summary.md
[2026-08-13 10:33:53] model=granite4.1:3b output=/home/bonobo/personalinks/analysis/02-document-summaries/textbook-persistence-before-truth.tex/chunk-0007-summary.md
[2026-08-13 10:34:00] model=granite4.1:3b output=/home/bonobo/personalinks/analysis/02-document-summaries/textbook-persistence-before-truth.tex/chunk-0008-summary.md
[2026-08-13 10:34:08] model=granite4.1:3b output=/home/bonobo/personalinks/analysis/02-document-summaries/textbook-persistence-before-truth.tex/chunk-0009-summary.md
[2026-08-13 10:34:13] model=granite4.1:3b output=/home/bonobo/personalinks/analysis/02-document-summaries/textbook-persistence-before-truth.tex/chunk-0010-summary.md
[2026-08-13 10:34:17] model=granite4.1:3b output=/home/bonobo/personalinks/analysis/02-document-summaries/textbook-persistence-before-truth.tex/summary.md
[2026-08-13 10:34:23] model=granite4.1:3b output=/home/bonobo/personalinks/analysis/02-document-summaries/textbook-refusal-structures.tex/chunk-0001-summary.md
[2026-08-13 10:34:33] model=granite4.1:3b output=/home/bonobo/personalinks/analysis/02-document-summaries/textbook-refusal-structures.tex/chunk-0002-summary.md
[2026-08-13 10:34:44] model=granite4.1:3b output=/home/bonobo/personalinks/analysis/02-document-summaries/textbook-refusal-structures.tex/chunk-0003-summary.md
[2026-08-13 10:34:54] model=granite4.1:3b output=/home/bonobo/personalinks/analysis/02-document-summaries/textbook-refusal-structures.tex/chunk-0004-summary.md
[2026-08-13 10:35:02] model=granite4.1:3b output=/home/bonobo/personalinks/analysis/02-document-summaries/textbook-refusal-structures.tex/chunk-0005-summary.md
[2026-08-13 10:35:17] model=granite4.1:3b output=/home/bonobo/personalinks/analysis/02-document-summaries/textbook-refusal-structures.tex/chunk-0006-summary.md
[2026-08-13 10:35:27] model=granite4.1:3b output=/home/bonobo/personalinks/analysis/02-document-summaries/textbook-refusal-structures.tex/summary.md
[2026-08-13 10:35:37] model=granite4.1:3b output=/home/bonobo/personalinks/analysis/02-document-summaries/textbook-repairing-futures.tex/chunk-0001-summary.md
[2026-08-13 10:35:46] model=granite4.1:3b output=/home/bonobo/personalinks/analysis/02-document-summaries/textbook-repairing-futures.tex/chunk-0002-summary.md
[2026-08-13 10:35:59] model=granite4.1:3b output=/home/bonobo/personalinks/analysis/02-document-summaries/textbook-repairing-futures.tex/summary.md
[2026-08-13 10:36:13] model=granite4.1:3b output=/home/bonobo/personalinks/analysis/02-document-summaries/textbook-rotation_admissibility.tex/summary.md
[2026-08-13 10:36:24] model=granite4.1:3b output=/home/bonobo/personalinks/analysis/02-document-summaries/textbook-the_ecology_of_distinctions.tex/chunk-0001-summary.md
[2026-08-13 10:36:28] model=granite4.1:3b output=/home/bonobo/personalinks/analysis/02-document-summaries/textbook-the_ecology_of_distinctions.tex/chunk-0002-summary.md
[2026-08-13 10:36:38] model=granite4.1:3b output=/home/bonobo/personalinks/analysis/02-document-summaries/textbook-the_ecology_of_distinctions.tex/chunk-0003-summary.md
[2026-08-13 10:36:53] model=granite4.1:3b output=/home/bonobo/personalinks/analysis/02-document-summaries/textbook-the_ecology_of_distinctions.tex/chunk-0004-summary.md
[2026-08-13 10:37:07] model=granite4.1:3b output=/home/bonobo/personalinks/analysis/02-document-summaries/textbook-the_ecology_of_distinctions.tex/chunk-0005-summary.md
[2026-08-13 10:37:18] model=granite4.1:3b output=/home/bonobo/personalinks/analysis/02-document-summaries/textbook-the_ecology_of_distinctions.tex/chunk-0006-summary.md
[2026-08-13 10:37:32] model=granite4.1:3b output=/home/bonobo/personalinks/analysis/02-document-summaries/textbook-the_ecology_of_distinctions.tex/chunk-0007-summary.md
[2026-08-13 10:37:46] model=granite4.1:3b output=/home/bonobo/personalinks/analysis/02-document-summaries/textbook-the_ecology_of_distinctions.tex/chunk-0008-summary.md
[2026-08-13 10:37:54] model=granite4.1:3b output=/home/bonobo/personalinks/analysis/02-document-summaries/textbook-the_ecology_of_distinctions.tex/chunk-0009-summary.md
[2026-08-13 10:38:07] model=granite4.1:3b output=/home/bonobo/personalinks/analysis/02-document-summaries/textbook-the_ecology_of_distinctions.tex/chunk-0010-summary.md
[2026-08-13 10:38:19] model=granite4.1:3b output=/home/bonobo/personalinks/analysis/02-document-summaries/textbook-the_ecology_of_distinctions.tex/chunk-0011-summary.md
[2026-08-13 10:38:29] model=granite4.1:3b output=/home/bonobo/personalinks/analysis/02-document-summaries/textbook-the_ecology_of_distinctions.tex/chunk-0012-summary.md
[2026-08-13 10:38:44] model=granite4.1:3b output=/home/bonobo/personalinks/analysis/02-document-summaries/textbook-the_ecology_of_distinctions.tex/chunk-0013-summary.md
[2026-08-13 10:38:53] model=granite4.1:3b output=/home/bonobo/personalinks/analysis/02-document-summaries/textbook-the_ecology_of_distinctions.tex/chunk-0014-summary.md
[2026-08-13 10:39:03] model=granite4.1:3b output=/home/bonobo/personalinks/analysis/02-document-summaries/textbook-the_ecology_of_distinctions.tex/chunk-0015-summary.md
[2026-08-13 10:39:18] model=granite4.1:3b output=/home/bonobo/personalinks/analysis/02-document-summaries/textbook-the_ecology_of_distinctions.tex/chunk-0016-summary.md
[2026-08-13 10:39:24] model=granite4.1:3b output=/home/bonobo/personalinks/analysis/02-document-summaries/textbook-the_ecology_of_distinctions.tex/chunk-0017-summary.md
[2026-08-13 10:39:34] model=granite4.1:3b output=/home/bonobo/personalinks/analysis/02-document-summaries/textbook-the_ecology_of_distinctions.tex/chunk-0018-summary.md
[2026-08-13 10:39:44] model=granite4.1:3b output=/home/bonobo/personalinks/analysis/02-document-summaries/textbook-the_ecology_of_distinctions.tex/chunk-0019-summary.md
[2026-08-13 10:39:59] model=granite4.1:3b output=/home/bonobo/personalinks/analysis/02-document-summaries/textbook-the_ecology_of_distinctions.tex/chunk-0020-summary.md
[2026-08-13 10:40:08] model=granite4.1:3b output=/home/bonobo/personalinks/analysis/02-document-summaries/textbook-the_ecology_of_distinctions.tex/chunk-0021-summary.md
[2026-08-13 10:40:20] model=granite4.1:3b output=/home/bonobo/personalinks/analysis/02-document-summaries/textbook-the_ecology_of_distinctions.tex/chunk-0022-summary.md
[2026-08-13 10:40:30] model=granite4.1:3b output=/home/bonobo/personalinks/analysis/02-document-summaries/textbook-the_ecology_of_distinctions.tex/summary.md
[2026-08-13 10:40:44] model=granite4.1:3b output=/home/bonobo/personalinks/analysis/02-document-summaries/the-autonomy-of-refusal.tex/chunk-0001-summary.md
[2026-08-13 10:40:48] model=granite4.1:3b output=/home/bonobo/personalinks/analysis/02-document-summaries/the-autonomy-of-refusal.tex/chunk-0002-summary.md
[2026-08-13 10:40:55] model=granite4.1:3b output=/home/bonobo/personalinks/analysis/02-document-summaries/the-autonomy-of-refusal.tex/summary.md
[2026-08-13 10:41:06] model=granite4.1:3b output=/home/bonobo/personalinks/analysis/02-document-summaries/the-calculus-of-commitment.tex/chunk-0001-summary.md
[2026-08-13 10:41:19] model=granite4.1:3b output=/home/bonobo/personalinks/analysis/02-document-summaries/the-calculus-of-commitment.tex/chunk-0002-summary.md
[2026-08-13 10:41:34] model=granite4.1:3b output=/home/bonobo/personalinks/analysis/02-document-summaries/the-calculus-of-commitment.tex/chunk-0003-summary.md
[2026-08-13 10:41:48] model=granite4.1:3b output=/home/bonobo/personalinks/analysis/02-document-summaries/the-calculus-of-commitment.tex/summary.md
[2026-08-13 10:41:56] model=granite4.1:3b output=/home/bonobo/personalinks/analysis/02-document-summaries/the-forkability-of-time.tex/summary.md
[2026-08-13 10:42:05] model=granite4.1:3b output=/home/bonobo/personalinks/analysis/02-document-summaries/theory_status.md/summary.md
[2026-08-13 10:42:20] model=granite4.1:3b output=/home/bonobo/personalinks/analysis/02-document-summaries/throwing-the-game.tex/chunk-0001-summary.md
[2026-08-13 10:42:33] model=granite4.1:3b output=/home/bonobo/personalinks/analysis/02-document-summaries/throwing-the-game.tex/chunk-0002-summary.md
[2026-08-13 10:42:42] model=granite4.1:3b output=/home/bonobo/personalinks/analysis/02-document-summaries/throwing-the-game.tex/summary.md
[2026-08-13 10:42:56] model=granite4.1:3b output=/home/bonobo/personalinks/analysis/02-document-summaries/throwing_the_game_v2.tex/chunk-0001-summary.md
[2026-08-13 10:43:10] model=granite4.1:3b output=/home/bonobo/personalinks/analysis/02-document-summaries/throwing_the_game_v2.tex/chunk-0002-summary.md
[2026-08-13 10:43:22] model=granite4.1:3b output=/home/bonobo/personalinks/analysis/02-document-summaries/throwing_the_game_v2.tex/chunk-0003-summary.md
[2026-08-13 10:43:30] model=granite4.1:3b output=/home/bonobo/personalinks/analysis/02-document-summaries/throwing_the_game_v2.tex/summary.md
[2026-08-13 10:43:38] model=granite4.1:3b output=/home/bonobo/personalinks/analysis/02-document-summaries/working-execution-history-draft-02.tex/chunk-0001-summary.md
[2026-08-13 10:43:42] model=granite4.1:3b output=/home/bonobo/personalinks/analysis/02-document-summaries/working-execution-history-draft-02.tex/chunk-0002-summary.md
[2026-08-13 10:43:52] model=granite4.1:3b output=/home/bonobo/personalinks/analysis/02-document-summaries/working-execution-history-draft-02.tex/summary.md
[2026-08-13 10:44:10] model=granite4.1:3b output=/home/bonobo/personalinks/analysis/02-document-summaries/working-execution-history-draft-03.tex/chunk-0001-summary.md
[2026-08-13 10:44:17] model=granite4.1:3b output=/home/bonobo/personalinks/analysis/02-document-summaries/working-execution-history-draft-03.tex/chunk-0002-summary.md
[2026-08-13 10:44:23] model=granite4.1:3b output=/home/bonobo/personalinks/analysis/02-document-summaries/working-execution-history-draft-03.tex/chunk-0003-summary.md
[2026-08-13 10:44:31] model=granite4.1:3b output=/home/bonobo/personalinks/analysis/02-document-summaries/working-execution-history-draft-03.tex/summary.md
[2026-08-13 10:44:46] model=granite4.1:3b output=/home/bonobo/personalinks/analysis/02-document-summaries/working-execution-history-draft-04.tex/chunk-0001-summary.md
[2026-08-13 10:44:56] model=granite4.1:3b output=/home/bonobo/personalinks/analysis/02-document-summaries/working-execution-history-draft-04.tex/chunk-0002-summary.md
[2026-08-13 10:45:13] model=granite4.1:3b output=/home/bonobo/personalinks/analysis/02-document-summaries/working-execution-history-draft-04.tex/summary.md
[2026-08-13 10:45:31] model=granite4.1:3b output=/home/bonobo/personalinks/analysis/02-document-summaries/working-execution-history.tex/chunk-0001-summary.md
[2026-08-13 10:45:38] model=granite4.1:3b output=/home/bonobo/personalinks/analysis/02-document-summaries/working-execution-history.tex/chunk-0002-summary.md
[2026-08-13 10:45:43] model=granite4.1:3b output=/home/bonobo/personalinks/analysis/02-document-summaries/working-execution-history.tex/summary.md
[2026-08-13 10:45:52] model=granite4.1:3b output=/home/bonobo/personalinks/analysis/02-document-summaries/working-structured-irreversibility-draft-01.tex/chunk-0001-summary.md
[2026-08-13 10:45:54] model=granite4.1:3b output=/home/bonobo/personalinks/analysis/02-document-summaries/working-structured-irreversibility-draft-01.tex/chunk-0002-summary.md
[2026-08-13 10:46:06] model=granite4.1:3b output=/home/bonobo/personalinks/analysis/02-document-summaries/working-structured-irreversibility-draft-01.tex/summary.md
[2026-08-13 10:46:20] model=granite4.1:3b output=/home/bonobo/personalinks/analysis/02-document-summaries/working-structured-irreversibility-draft-02.tex/chunk-0001-summary.md
[2026-08-13 10:46:38] model=granite4.1:3b output=/home/bonobo/personalinks/analysis/02-document-summaries/working-structured-irreversibility-draft-02.tex/chunk-0002-summary.md
[2026-08-13 10:46:53] model=granite4.1:3b output=/home/bonobo/personalinks/analysis/02-document-summaries/working-structured-irreversibility-draft-02.tex/summary.md
[2026-08-13 10:47:07] model=granite4.1:3b output=/home/bonobo/personalinks/analysis/02-document-summaries/working-structured-irreversibility.tex/chunk-0001-summary.md
[2026-08-13 10:47:25] model=granite4.1:3b output=/home/bonobo/personalinks/analysis/02-document-summaries/working-structured-irreversibility.tex/chunk-0002-summary.md
[2026-08-13 10:47:46] model=granite4.1:3b output=/home/bonobo/personalinks/analysis/02-document-summaries/working-structured-irreversibility.tex/chunk-0003-summary.md
[2026-08-13 10:47:50] model=granite4.1:3b output=/home/bonobo/personalinks/analysis/02-document-summaries/working-structured-irreversibility.tex/summary.md
[2026-08-13 10:48:06] model=granite4.1:3b output=/home/bonobo/personalinks/analysis/02-document-summaries/working-temporal-diversification-weekly-playbook.tex/summary.md
[2026-08-13 10:48:16] model=granite4.1:8b output=/home/bonobo/personalinks/analysis/03-cluster-syntheses/identity-history.md
[2026-08-13 10:48:40] model=granite4.1:8b output=/home/bonobo/personalinks/analysis/03-cluster-syntheses/admissibility-refusal.md
[2026-08-13 10:49:04] model=granite4.1:8b output=/home/bonobo/personalinks/analysis/03-cluster-syntheses/geometry-dynamics.md
[2026-08-13 10:49:23] model=granite4.1:8b output=/home/bonobo/personalinks/analysis/03-cluster-syntheses/computation.md
[2026-08-13 10:49:43] model=granite4.1:8b output=/home/bonobo/personalinks/analysis/03-cluster-syntheses/memory-attention-intelligence.md
[2026-08-13 10:49:51] model=granite4.1:8b output=/home/bonobo/personalinks/analysis/03-cluster-syntheses/textbook-foundations.md
[2026-08-13 10:49:59] model=granite4.1:8b output=/home/bonobo/personalinks/analysis/03-cluster-syntheses/adaptive-trust.md
[2026-08-13 10:50:20] model=granite4.1:8b output=/home/bonobo/personalinks/analysis/03-cluster-syntheses/history-development.md
[2026-08-13 10:50:37] model=granite4.1:8b output=/home/bonobo/personalinks/analysis/04-cross-analysis/spherepop-synthesis.md
[2026-08-13 10:50:45] model=granite4.1:8b output=/home/bonobo/personalinks/analysis/05-reflection/reflexive-analysis.md
[2026-08-13 10:50:59] model=granite4.1:8b output=/home/bonobo/personalinks/analysis/06-critique/critique.md
[2026-08-13 10:51:25] model=granite4.1:8b output=/home/bonobo/personalinks/analysis/07-reconstruction/reconstruction.md
[2026-08-13 10:51:45] model=granite4.1:8b output=/home/bonobo/personalinks/analysis/08-final/spherepop-theory-report.md
